
  Automatic MOC and UIC for target LaserCNC
  mocs_compilation_Debug.cpp
  main.cpp
  logger.cpp
  toml_config.cpp
  app_settings.cpp
  lcnc_project_manifest.cpp
  lcnc_project_package.cpp
  lcnc_project_session.cpp
  lcnc_project_manager.cpp
  lcnc_document.cpp
  xcaf_utils.cpp
  machine_kinematics.cpp
  machine_configuration_service.cpp
  machine_pose.cpp
  ik_solver.cpp
  primitives.cpp
  boolean_ops.cpp
  measure.cpp
  sketch.cpp
  sketch_constraints.cpp
  正在生成代码...
  正在编译...
  features.cpp
  transform_ops.cpp
  face_classifier.cpp
  laser_toolpath.cpp
  machine_model_compressor.cpp
  task_progress.cpp
  task_manager.cpp
  commands_api.cpp
  service_registry.cpp
  event_bus.cpp
  module_registry.cpp
  kernel.cpp
  graphics_scene.cpp
  rendering_manager.cpp
  shape_object_driver.cpp
  gui_application.cpp
  gui_document.cpp
  widget_occ_view.cpp
  toolpath_renderer.cpp
  machine_guide_renderer.cpp
  正在生成代码...
  正在编译...
  world_axes_renderer.cpp
  sketch_overlay_renderer.cpp
  transform_gizmo_renderer.cpp
  cad_module.cpp
  cad_document_state.cpp
  cad_document_registry.cpp
  cad_modeling_session.cpp
  sketch_manager.cpp
  shape_service.cpp
  cad_selection_resolver.cpp
  sketch_serializer.cpp
  cad_command_dispatcher.cpp
  cad_tool_registry.cpp
  cad_tool_filter.cpp
  commands_file.cpp
  commands_edit.cpp
  command_helpers.cpp
  commands_cad.cpp
  commands_cad_sketch.cpp
  commands_cad_view.cpp
  正在生成代码...
  正在编译...
  commands_cad_primitives.cpp
  commands_cad_transform.cpp
  commands_cad_boolean.cpp
  commands_cad_measure.cpp
  commands_cad_delete.cpp
  widget_cad_task_panel.cpp
  ribbon_cad_tab.cpp
  cam_module.cpp
  toolpath_export_dto.cpp
  cam_config.cpp
  cam_data_manager.cpp
  machine_axis_detector.cpp
  machine_io.cpp
  reference_pick.cpp
  commands_machine.cpp
  commands_cam.cpp
  widget_machine_panel.cpp
  widget_toolpath_panel.cpp
  dialog_mark_axes.cpp
  dialog_axis_calibration_wizard.cpp
  正在生成代码...
  正在编译...
  ribbon_cam_tab.cpp
  process_module.cpp
F:\wangchao\LaserCNC\src\modules\process\process_module.cpp(31,16): error C3083: “TaskManager”:“::”左侧的符号必须是一种类型 [F:\wangchao\LaserCNC\build\LaserCNC.vcxproj]
F:\wangchao\LaserCNC\src\modules\process\process_module.cpp(31,29): error C2039: "taskFinished": 不是 "lcnc" 的成员 [F:\wangchao\LaserCNC\build\LaserCNC.vcxproj]
      F:\wangchao\LaserCNC\src\modules\process\workflow\process_flow_store.h(8,11):
      参见“lcnc”的声明
  
F:\wangchao\LaserCNC\src\modules\process\process_module.cpp(31,29): error C2065: “taskFinished”: 未声明的标识符 [F:\wangchao\LaserCNC\build\LaserCNC.vcxproj]
F:\wangchao\LaserCNC\src\modules\process\process_module.cpp(33,72): error C2039: "TaskId": 不是 "lcnc" 的成员 [F:\wangchao\LaserCNC\build\LaserCNC.vcxproj]
      F:\wangchao\LaserCNC\src\modules\process\workflow\process_flow_store.h(8,11):
      参见“lcnc”的声明
  
  simulation_motion_controller.cpp
  Service.cpp
  LogModule.cpp
  MessageModule.cpp
  Settings.cpp
  qg_dlgsetting.cpp
  Setting_MotionControl.cpp
  Setting_IOIndex.cpp
  Setting_Digital.cpp
  Setting_Analog.cpp
  Setting_Laser.cpp
  Setting_Internet.cpp
  Setting_Tool.cpp
  Setting_Gas.cpp
  Setting_Water.cpp
  Setting_Monitor.cpp
  Setting_LoadingPos.cpp
  Setting_Camera.cpp
  正在生成代码...
  正在编译...
  MCFactory.cpp
  MotionControl.cpp
  ACSMotionControl.cpp
  SimulateCMHPMotionControl.cpp
  SerialPort.cpp
  LDFactory.cpp
  AnalogLaserDevice.cpp
  LaserDevice.cpp
  SimulatorLaserDevice.cpp
  ToolFactory.cpp
  communication_types.cpp
  communication_endpoint.cpp
  communication_message.cpp
  communication_channel_base.cpp
  communication_log_model.cpp
  communication_manager.cpp
  communication_device_base.cpp
  mock_channel.cpp
  tcp_channel.cpp
  http_channel.cpp
  正在生成代码...
  正在编译...
  communication_settings_page.cpp
  process_monitor_service.cpp
  process_runtime.cpp
  process_state_machine.cpp
  process_toolpath_sorter.cpp
  process_command.cpp
  process_instruction_planner.cpp
  acs_translator.cpp
  gtn_translator.cpp
  pure_simulation_translator.cpp
  process_node.cpp
  process_node_registry.cpp
  process_flow_document.cpp
  process_flow_store.cpp
  process_flow_model.cpp
  process_flow_tree_view.cpp
  process_node_edit_dialog.cpp
  qg_processeswidget.cpp
  commands_process.cpp
  widget_laser_control.cpp
  正在生成代码...
  正在编译...
  ribbon_process_tab.cpp
  process_workflow_executor.cpp
  process_execution_service.cpp
  process_node_executor_registry.cpp
  acs_motion_controller_adapter.cpp
  serial_channel.cpp
  app_context.cpp
  command_registry.cpp
  commands_display.cpp
  dialog_options.cpp
  dialog_task_manager.cpp
  project_explorer_model.cpp
  project_explorer_tree_utils.cpp
  main_window.cpp
  正在生成代码...
