
  Automatic MOC and UIC for target LaserCNC
  mocs_compilation_Debug.cpp
  main.cpp
  logger.cpp
  toml_config.cpp
  app_settings.cpp
  lcnc_project_manifest.cpp
  lcnc_project_package.cpp
  lcnc_project_session.cpp
  lcnc_project_manager.cpp
  lcnc_document.cpp
  xcaf_utils.cpp
  machine_kinematics.cpp
  machine_configuration_service.cpp
  machine_pose.cpp
  ik_solver.cpp
  primitives.cpp
  boolean_ops.cpp
  measure.cpp
  sketch.cpp
  sketch_constraints.cpp
  正在生成代码...
  正在编译...
  features.cpp
  transform_ops.cpp
  face_classifier.cpp
  laser_toolpath.cpp
  machine_model_compressor.cpp
  task_progress.cpp
  task_manager.cpp
  commands_api.cpp
  service_registry.cpp
  event_bus.cpp
  module_registry.cpp
  kernel.cpp
  graphics_scene.cpp
  rendering_manager.cpp
  shape_object_driver.cpp
  gui_application.cpp
  gui_document.cpp
  widget_occ_view.cpp
  toolpath_renderer.cpp
  machine_guide_renderer.cpp
  正在生成代码...
  正在编译...
  world_axes_renderer.cpp
  sketch_overlay_renderer.cpp
  transform_gizmo_renderer.cpp
  cad_module.cpp
  cad_document_state.cpp
  cad_document_registry.cpp
  cad_modeling_session.cpp
  sketch_manager.cpp
  shape_service.cpp
  cad_selection_resolver.cpp
  sketch_serializer.cpp
  cad_command_dispatcher.cpp
  cad_tool_registry.cpp
  cad_tool_filter.cpp
  commands_file.cpp
  commands_edit.cpp
  command_helpers.cpp
  commands_cad.cpp
  commands_cad_sketch.cpp
  commands_cad_view.cpp
  正在生成代码...
  正在编译...
  commands_cad_primitives.cpp
  commands_cad_transform.cpp
  commands_cad_boolean.cpp
  commands_cad_measure.cpp
  commands_cad_delete.cpp
  widget_cad_task_panel.cpp
  ribbon_cad_tab.cpp
  cam_module.cpp
  toolpath_export_dto.cpp
  cam_config.cpp
  cam_data_manager.cpp
  machine_axis_detector.cpp
  machine_io.cpp
  reference_pick.cpp
  commands_machine.cpp
  commands_cam.cpp
  widget_machine_panel.cpp
  widget_toolpath_panel.cpp
  dialog_mark_axes.cpp
  dialog_axis_calibration_wizard.cpp
  正在生成代码...
  正在编译...
  ribbon_cam_tab.cpp
  process_module.cpp
  simulation_motion_controller.cpp
  Service.cpp
  LogModule.cpp
  MessageModule.cpp
  Settings.cpp
  qg_dlgsetting.cpp
  Setting_MotionControl.cpp
  Setting_IOIndex.cpp
  Setting_Digital.cpp
  Setting_Analog.cpp
  Setting_Laser.cpp
  Setting_Internet.cpp
  Setting_Tool.cpp
  Setting_Gas.cpp
  Setting_Water.cpp
  Setting_Monitor.cpp
  Setting_LoadingPos.cpp
  Setting_Camera.cpp
  正在生成代码...
  正在编译...
  MCFactory.cpp
  MotionControl.cpp
