适用于 .NET Framework MSBuild 版本 17.14.23+b0019275e

  1>Checking Build System
  Automatic MOC for target QuaZip
  Building Custom Rule E:/GitHub/quazip/quazip/CMakeLists.txt
  mocs_compilation_Debug.cpp
  JlCompress.cpp
  JlOptions.cpp
  QuaCompress.cpp
  QuaExtract.cpp
  qioapi.cpp
  quaadler32.cpp
  quachecksum32.cpp
  quacrc32.cpp
  quagzipfile.cpp
  quaziodevice.cpp
  quazip.cpp
  quazip_textcodec.cpp
  quazipdir.cpp
  quazipfile.cpp
  quazipfileinfo.cpp
  quazipnewinfo.cpp
  正在生成代码...
  unzip.c
  zip.c
  正在生成代码...
  QuaZip.vcxproj -> F:\wangchao\LaserCNC\cmake-build-sdkcheck\quazip-build\quazip\Debug\quazip1-qt6d.lib
  Automatic MOC for target lcnc_core
  Building Custom Rule F:/wangchao/LaserCNC/CMakeLists.txt
  mocs_compilation_Debug.cpp
  logger.cpp
  toml_config.cpp
  app_settings.cpp
  lcnc_project_manifest.cpp
  lcnc_project_package.cpp
  lcnc_project_session.cpp
  lcnc_project_manager.cpp
  cam_data_manager.cpp
  cam_toolpath_io.cpp
  layer_container.cpp
  layer_manager.cpp
  machine_workspace.cpp
  lcnc_document.cpp
  xcaf_utils.cpp
  machine_kinematics.cpp
  machine_configuration_service.cpp
  machine_pose.cpp
  ik_solver.cpp
  primitives.cpp
  正在生成代码...
  正在编译...
  boolean_ops.cpp
  measure.cpp
  sketch.cpp
  sketch_constraints.cpp
  features.cpp
  transform_ops.cpp
  face_classifier.cpp
  laser_toolpath.cpp
  contour_order_planner.cpp
  task_progress.cpp
  task_manager.cpp
  commands_api.cpp
  service_registry.cpp
  event_bus.cpp
  module_registry.cpp
  kernel.cpp
  selection_service.cpp
  正在生成代码...
  lcnc_core.vcxproj -> F:\wangchao\LaserCNC\cmake-build-sdkcheck\Debug\lcnc_core.lib
  Automatic MOC for target lcnc_view
  Building Custom Rule F:/wangchao/LaserCNC/CMakeLists.txt
  mocs_compilation_Debug.cpp
  graphics_scene.cpp
  rendering_manager.cpp
  shape_object_driver.cpp
  gui_application.cpp
  gui_document.cpp
  widget_occ_view.cpp
  toolpath_renderer.cpp
  travel_path_renderer.cpp
  machine_guide_renderer.cpp
  world_axes_renderer.cpp
  sketch_overlay_renderer.cpp
  transform_gizmo_renderer.cpp
  正在生成代码...
  lcnc_view.vcxproj -> F:\wangchao\LaserCNC\cmake-build-sdkcheck\Debug\lcnc_view.lib
  Automatic MOC for target lcnc_module_cad
  Building Custom Rule F:/wangchao/LaserCNC/CMakeLists.txt
  mocs_compilation_Debug.cpp
  cad_module.cpp
  cad_document_state.cpp
  cad_document_registry.cpp
  cad_modeling_session.cpp
  sketch_manager.cpp
  shape_service.cpp
  cad_selection_resolver.cpp
  sketch_serializer.cpp
  cad_command_dispatcher.cpp
  cad_tool_registry.cpp
  cad_tool_filter.cpp
  commands_file.cpp
  commands_edit.cpp
  command_helpers.cpp
  commands_cad.cpp
  commands_cad_sketch.cpp
  commands_cad_view.cpp
  commands_cad_primitives.cpp
  commands_cad_transform.cpp
  正在生成代码...
  正在编译...
  commands_cad_boolean.cpp
  commands_cad_measure.cpp
  commands_cad_delete.cpp
  widget_cad_task_panel.cpp
  ribbon_cad_tab.cpp
  正在生成代码...
  lcnc_module_cad.vcxproj -> F:\wangchao\LaserCNC\cmake-build-sdkcheck\Debug\lcnc_module_cad.lib
  Automatic MOC for target lcnc_module_cam
  Building Custom Rule F:/wangchao/LaserCNC/CMakeLists.txt
  mocs_compilation_Debug.cpp
  cam_module.cpp
  toolpath_export_dto.cpp
  cam_config.cpp
  machine_axis_detector.cpp
  machine_io.cpp
  reference_pick.cpp
  commands_machine.cpp
  commands_cam.cpp
  widget_machine_panel.cpp
  widget_machine_tree.cpp
  widget_toolpath_panel.cpp
  dialog_mark_axes.cpp
  dialog_axis_calibration_wizard.cpp
  ribbon_cam_tab.cpp
  正在生成代码...
  lcnc_module_cam.vcxproj -> F:\wangchao\LaserCNC\cmake-build-sdkcheck\Debug\lcnc_module_cam.lib
  Automatic MOC and UIC for target lcnc_module_process
  Building Custom Rule F:/wangchao/LaserCNC/CMakeLists.txt
  mocs_compilation_Debug.cpp
  process_module.cpp
  Service.cpp
  LogModule.cpp
  MessageModule.cpp
  Settings.cpp
  qg_dlgsetting.cpp
  Setting_MotionControl.cpp
  BuiltinIODefs.cpp
  Setting_Digital.cpp
  Setting_Analog.cpp
  Setting_Laser.cpp
  Setting_Internet.cpp
  Setting_ProcessPlugins.cpp
  Setting_Tool.cpp
  Setting_Gas.cpp
  Setting_Water.cpp
  Setting_Monitor.cpp
  Setting_LoadingPos.cpp
  Setting_Camera.cpp
  正在生成代码...
  正在编译...
  MotionControl.cpp
  ACSMotionControl.cpp
  SimulateCMHPMotionControl.cpp
  SerialPort.cpp
  LDFactory.cpp
  AnalogLaserDevice.cpp
  LaserDevice.cpp
  SimulatorLaserDevice.cpp
  Tool.cpp
  ToolFactory.cpp
  communication_types.cpp
  communication_endpoint.cpp
  communication_message.cpp
  communication_channel_base.cpp
  communication_log_model.cpp
  communication_manager.cpp
  communication_device_base.cpp
  mock_channel.cpp
  tcp_channel.cpp
  http_channel.cpp
  正在生成代码...
  正在编译...
  communication_settings_page.cpp
  process_monitor_service.cpp
  process_runtime.cpp
  process_state_machine.cpp
  process_interrupt_context.cpp
  axis_map.cpp
  acs_text_command_sink.cpp
  pure_simulation_sink.cpp
  motion_sink_factory.cpp
  process_toolpath_service.cpp
  process_tool_matcher.cpp
  normal_cutting_manager.cpp
  pure_simulation_toolpath_ticker.cpp
  process_cutting_plan_service.cpp
  process_node.cpp
  process_node_registry.cpp
  process_flow_document.cpp
  process_flow_store.cpp
  process_step_registry.cpp
  process_step_builtin_registration.cpp
  正在生成代码...
  正在编译...
  legacy_process_services.cpp
  start_step.cpp
  stop_step.cpp
  single_axis_move_step.cpp
  multi_axis_move_step.cpp
  output_signal_step.cpp
  input_signal_wait_step.cpp
  normal_cutting_step.cpp
  process_flow_model.cpp
  process_flow_tree_view.cpp
  process_node_edit_dialog.cpp
  qg_processeswidget.cpp
  commands_process.cpp
  widget_laser_control.cpp
  ribbon_process_tab.cpp
  process_workflow_executor.cpp
  process_node_executor_registry.cpp
  serial_channel.cpp
  正在生成代码...
  lcnc_module_process.vcxproj -> F:\wangchao\LaserCNC\cmake-build-sdkcheck\Debug\lcnc_module_process.lib
  Automatic MOC for target lcnc_app
  Building Custom Rule F:/wangchao/LaserCNC/CMakeLists.txt
  mocs_compilation_Debug.cpp
  app_context.cpp
  command_registry.cpp
  commands_display.cpp
  dialog_options.cpp
  dialog_task_manager.cpp
  project_explorer_model.cpp
  project_explorer_tree_utils.cpp
  start_guide_widget.cpp
  main_window.cpp
  正在生成代码...
  lcnc_app.vcxproj -> F:\wangchao\LaserCNC\cmake-build-sdkcheck\Debug\lcnc_app.lib
  Automatic MOC for target LaserCNC
  1>Automatic RCC for resources/resources.qrc
  Building Custom Rule F:/wangchao/LaserCNC/CMakeLists.txt
  mocs_compilation_Debug.cpp
  main.cpp
  正在生成代码...
  qrc_resources.cpp
    正在创建库 F:/wangchao/LaserCNC/cmake-build-sdkcheck/Debug/LaserCNC.lib 和对象 F:/wangchao/LaserCNC/cmake-build-sdkcheck/Debug/LaserCNC.exp
  LaserCNC.vcxproj -> F:\wangchao\LaserCNC\cmake-build-sdkcheck\Debug\LaserCNC.exe
  Copying runtime DLLs from 3rd/runtime/bin_^<config^> to output directory
  Building Custom Rule F:/wangchao/LaserCNC/CMakeLists.txt
